[moviegamehaven858hui8uoh.codedesign.app/index.html]
[backblue.gif]
[fade.gif]
[index.html]
[use.fontawesome.com/releases/v5.15.4/css/all.css]
[moviegamehaven858hui8uoh.codedesign.app/_next/static/css/a63a29fe10a5e89e.css]
[moviegamehaven858hui8uoh.codedesign.app/_next/static/chunks/polyfills-a40ef1678bae11e696dba45124eadd70.js]
[moviegamehaven858hui8uoh.codedesign.app/_next/static/chunks/webpack-dfa48d46ec8ebab7.js]
[moviegamehaven858hui8uoh.codedesign.app/_next/static/chunks/main-2bde8bbd115c7241.js]
[moviegamehaven858hui8uoh.codedesign.app/_next/static/chunks/framework-acb9ef830b9b8407.js]
[moviegamehaven858hui8uoh.codedesign.app/_next/static/chunks/pages/_app-b7a6694d06aefbd7.js]
[moviegamehaven858hui8uoh.codedesign.app/_next/static/chunks/pages/[[...slug]]-482b706110dbd650.js]
[moviegamehaven858hui8uoh.codedesign.app/_next/static/cQnL7LNR8MpNgEmU-wqLj/_buildManifest.js]
[moviegamehaven858hui8uoh.codedesign.app/_next/static/cQnL7LNR8MpNgEmU-wqLj/_ssgManifest.js]
[moviegamehaven858hui8uoh.codedesign.app/_next/static/cQnL7LNR8MpNgEmU-wqLj/_middlewareManifest.js]
[moviegamehaven858hui8uoh.codedesign.app/about.html]
[moviegamehaven858hui8uoh.codedesign.app/service.html]
[moviegamehaven858hui8uoh.codedesign.app/contact.html]
[res.cloudinary.com/dmuecdqxy/image/upload/v1738697640/hr0b7kng60f2dxcq4zxz.jpg]
[res.cloudinary.com/dmuecdqxy/q_auto/v1738698521/static/d92a1cf8aef657f514349872e882dae6gif_1738698521_50259.gif]
[res.cloudinary.com/dmuecdqxy/image/upload/v1738697641/gylc1yugzihn4yzku8dz.jpg]
[res.cloudinary.com/dmuecdqxy/image/upload/v1738697641/plwpjjg85noc9pzc03lg.jpg]
[res.cloudinary.com/dmuecdqxy/image/upload/v1738697641/owzikn2ouf5dkl34dcha.jpg]
[moviegamehaven858hui8uoh.codedesign.app/index.html]
[use.fontawesome.com/releases/v5.15.4/css/all.css]
[moviegamehaven858hui8uoh.codedesign.app/_next/static/css/a63a29fe10a5e89e.css]
[moviegamehaven858hui8uoh.codedesign.app/about.html]
[moviegamehaven858hui8uoh.codedesign.app/service.html]
[moviegamehaven858hui8uoh.codedesign.app/contact.html]
